CRITICAL - 2026-05-19 08:56:14 --> Error: Undefined constant "CodeIgniter\Database\MySQLi\MYSQLI_STORE_RESULT"
[Method: GET, Route: inscription]
in SYSTEMPATH/Database/Database.php on line 147.
 1 SYSTEMPATH/Database/Database.php(61): CodeIgniter\Database\Database->initDriver()
 2 SYSTEMPATH/Database/Config.php(82): CodeIgniter\Database\Database->load()
 3 SYSTEMPATH/Model.php(150): CodeIgniter\Database\Config::connect()
 4 APPPATH/Controllers/ConnexionController.php(13): CodeIgniter\Model->__construct()
 5 SYSTEMPATH/CodeIgniter.php(921): App\Controllers\ConnexionController->__construct()
 6 SYSTEMPATH/CodeIgniter.php(488): CodeIgniter\CodeIgniter->createController()
 7 SYSTEMPATH/CodeIgniter.php(340): CodeIgniter\CodeIgniter->handleRequest()
 8 SYSTEMPATH/Boot.php(417): CodeIgniter\CodeIgniter->run()
 9 SYSTEMPATH/Boot.php(68): CodeIgniter\Boot::runCodeIgniter()
10 FCPATH/index.php(59): CodeIgniter\Boot::bootWeb()
CRITICAL - 2026-05-19 08:56:17 --> Error: Undefined constant "CodeIgniter\Database\MySQLi\MYSQLI_STORE_RESULT"
[Method: GET, Route: inscription]
in SYSTEMPATH/Database/Database.php on line 147.
 1 SYSTEMPATH/Database/Database.php(61): CodeIgniter\Database\Database->initDriver()
 2 SYSTEMPATH/Database/Config.php(82): CodeIgniter\Database\Database->load()
 3 SYSTEMPATH/Model.php(150): CodeIgniter\Database\Config::connect()
 4 APPPATH/Controllers/ConnexionController.php(13): CodeIgniter\Model->__construct()
 5 SYSTEMPATH/CodeIgniter.php(921): App\Controllers\ConnexionController->__construct()
 6 SYSTEMPATH/CodeIgniter.php(488): CodeIgniter\CodeIgniter->createController()
 7 SYSTEMPATH/CodeIgniter.php(340): CodeIgniter\CodeIgniter->handleRequest()
 8 SYSTEMPATH/Boot.php(417): CodeIgniter\CodeIgniter->run()
 9 SYSTEMPATH/Boot.php(68): CodeIgniter\Boot::runCodeIgniter()
10 FCPATH/index.php(59): CodeIgniter\Boot::bootWeb()
CRITICAL - 2026-05-19 08:59:05 --> Error: Undefined constant "CodeIgniter\Database\MySQLi\MYSQLI_STORE_RESULT"
[Method: GET, Route: reservation/available-slots]
in SYSTEMPATH/Database/Database.php on line 147.
 1 SYSTEMPATH/Database/Database.php(61): CodeIgniter\Database\Database->initDriver()
 2 SYSTEMPATH/Database/Config.php(82): CodeIgniter\Database\Database->load()
 3 SYSTEMPATH/Model.php(150): CodeIgniter\Database\Config::connect()
 4 APPPATH/Controllers/ReservationController.php(15): CodeIgniter\Model->__construct()
 5 SYSTEMPATH/CodeIgniter.php(921): App\Controllers\ReservationController->__construct()
 6 SYSTEMPATH/CodeIgniter.php(488): CodeIgniter\CodeIgniter->createController()
 7 SYSTEMPATH/CodeIgniter.php(340): CodeIgniter\CodeIgniter->handleRequest()
 8 SYSTEMPATH/Boot.php(417): CodeIgniter\CodeIgniter->run()
 9 SYSTEMPATH/Boot.php(68): CodeIgniter\Boot::runCodeIgniter()
10 FCPATH/index.php(59): CodeIgniter\Boot::bootWeb()
11 SYSTEMPATH/rewrite.php(44): require_once('/opt/lampp/htdocs/SEMESTRE4/TP-sqlite/public/index.php')
CRITICAL - 2026-05-19 09:03:18 --> Error: Undefined constant "CodeIgniter\Database\MySQLi\MYSQLI_STORE_RESULT"
[Method: GET, Route: inscription]
in SYSTEMPATH/Database/Database.php on line 147.
 1 SYSTEMPATH/Database/Database.php(61): CodeIgniter\Database\Database->initDriver()
 2 SYSTEMPATH/Database/Config.php(82): CodeIgniter\Database\Database->load()
 3 SYSTEMPATH/Model.php(150): CodeIgniter\Database\Config::connect()
 4 APPPATH/Controllers/ConnexionController.php(13): CodeIgniter\Model->__construct()
 5 SYSTEMPATH/CodeIgniter.php(921): App\Controllers\ConnexionController->__construct()
 6 SYSTEMPATH/CodeIgniter.php(488): CodeIgniter\CodeIgniter->createController()
 7 SYSTEMPATH/CodeIgniter.php(340): CodeIgniter\CodeIgniter->handleRequest()
 8 SYSTEMPATH/Boot.php(417): CodeIgniter\CodeIgniter->run()
 9 SYSTEMPATH/Boot.php(68): CodeIgniter\Boot::runCodeIgniter()
10 FCPATH/index.php(59): CodeIgniter\Boot::bootWeb()
11 SYSTEMPATH/rewrite.php(44): require_once('/opt/lampp/htdocs/SEMESTRE4/TP-sqlite/public/index.php')
